// Jest Snapshot v1, https://goo.gl/fbAQLP

exports[`<DisabledUploadButton /> matches the snapshot 1`] = `
<div
  className="catalog-settings-content__upload-button catalog-settings-content__upload-button_disabled"
  onMouseEnter={[Function]}
  onMouseLeave={[Function]}
>
  <ToolTip
    isShow={false}
    text="Remove URL to manually add CSV file"
  />
  <span
    className="catalog-settings-content__upload-button-icon"
  />
  <span>
    Upload file
  </span>
</div>
`;
