// Jest Snapshot v1, https://goo.gl/fbAQLP

exports[`<UploadButtonRemove /> matches the snapshot 1`] = `
<div
  className="catalog-settings-content__remove-upload-button"
>
  <span />
  <span
    className="catalog-settings-content__upload-button-remove-icon"
    onClick={[Function]}
  />
</div>
`;
