// Jest Snapshot v1, https://goo.gl/fbAQLP

exports[`<LinkInput /> matches the snapshot1 1`] = `
<div
  className="position-relative"
>
  <input
    className="catalog-settings-content__link-input d-block w-100"
    onChange={[Function]}
    placeholder="test"
    type="text"
    value="fileUrl"
  />
  <span
    className="catalog-settings-content__link-input-clear position-absolute m-auto"
    onClick={[Function]}
  />
</div>
`;

exports[`<LinkInput /> matches the snapshot2 1`] = `<DisabledLinkInput />`;
