// Jest Snapshot v1, https://goo.gl/fbAQLP

exports[`<UploadBlock /> matches the snapshot 1`] = `
<div
  className="d-flex justify-content-between"
>
  <UploadLinkBlock
    file=""
    fileUrl=""
    flags={Object {}}
    inputHandler={[Function]}
  />
  <UploadBlockSeparator />
  <UploadFileBlock
    file=""
    fileUrl=""
    flags={Object {}}
    inputHandler={[Function]}
  />
</div>
`;
