// Jest Snapshot v1, https://goo.gl/fbAQLP

exports[`<UploadFileBlock /> matches the snapshot 1`] = `
<div>
  <Title
    title="Direct upload of products CSV file"
  />
  <Hint
    text="Here you can bulk upload products data using a products CSV file."
  />
  <div
    className="margin-top-20"
  >
    <UploadButton
      file=""
      fileUrl=""
      flags={Object {}}
      inputHandler={[Function]}
    />
  </div>
  <div
    className="margin-top-20"
  >
    <LinkedHint
      link="#"
    />
  </div>
</div>
`;
